user@DESKTOP-OH7H13E MINGW64 /c/workspace/recreate-instagram
$ ls
README.md  css/  img/  index.html  js/

user@DESKTOP-OH7H13E MINGW64 /c/workspace/recreate-instagram

user@DESKTOP-OH7H13E MINGW64 /c/workspace/recreate-instagram (master)
$ git status
On branch master

No commits yet

Changes to be committed:
  (use "git rm --cached <file>..." to unstage)
        new file:   README.md
        new file:   css/style.css
        new file:   index.html
        new file:   js/functions.js


user@DESKTOP-OH7H13E MINGW64 /c/workspace/recreate-instagram (master)
$ git commit -m "start"
[master (root-commit) 5a4f8d7] start
 4 files changed, 4 insertions(+)
 create mode 100644 README.md
 create mode 100644 css/style.css
 create mode 100644 index.html
 create mode 100644 js/functions.js

user@DESKTOP-OH7H13E MINGW64 /c/workspace/recreate-instagram (master)
$ git status
On branch master
nothing to commit, working tree clean

user@DESKTOP-OH7H13E MINGW64 /c/workspace/recreate-instagram (master)
$ git remote add origin https://github.com/Eduardo-dev-BR/recreate-instagram.git

user@DESKTOP-OH7H13E MINGW64 /c/workspace/recreate-instagram (master)
$ git remote -v
origin  https://github.com/Eduardo-dev-BR/recreate-instagram.git (fetch)
origin  https://github.com/Eduardo-dev-BR/recreate-instagram.git (push)

user@DESKTOP-OH7H13E MINGW64 /c/workspace/recreate-instagram (master)
$ ls
README.md  css/  img/  index.html  js/

user@DESKTOP-OH7H13E MINGW64 /c/workspace/recreate-instagram (master)
$ git statis
git: 'statis' is not a git command. See 'git --help'.

The most similar command is
        status

user@DESKTOP-OH7H13E MINGW64 /c/workspace/recreate-instagram (master)
$ git status
On branch master
nothing to commit, working tree clean

user@DESKTOP-OH7H13E MINGW64 /c/workspace/recreate-instagram (master)
$ git push origin master
Enumerating objects: 5, done.
Counting objects: 100% (5/5), done.
Delta compression using up to 4 threads
Compressing objects: 100% (2/2), done.
Writing objects: 100% (5/5), 374 bytes | 53.00 KiB/s, done.
Total 5 (delta 0), reused 0 (delta 0), pack-reused 0
To https://github.com/Eduardo-dev-BR/recreate-instagram.git
 * [new branch]      master -> master
